
 Start  Stop   Length Name               Class

 00000H 02519H 0251AH _TEXT              CODE
 0251AH 02818H 002FFH TEST_TEXT          CODE
 0281AH 028EFH 000D6H OS_CPU_A_TEXT      CODE
 028F0H 02AC5H 001D6H OS_CPU_C_TEXT      CODE
 02AC6H 02E42H 0037DH PC_TEXT            CODE
 02E43H 06677H 03835H UCOS_II_TEXT       CODE
 06680H 06680H 00000H _FARDATA           FAR_DATA
 06680H 06680H 00000H _FARBSS            FAR_BSS
 06680H 06680H 00000H _OVERLAY_          OVRINFO
 06680H 06680H 00000H _1STUB_            STUBSEG
 06680H 06BBDH 0053EH _DATA              DATA
 06BBEH 06BBFH 00002H _CVTSEG            DATA
 06BC0H 06BC5H 00006H _SCNSEG            DATA
 06BC6H 06BC6H 00000H _CONST             CONST
 06BC6H 06BD1H 0000CH _INIT_             INITDATA
 06BD2H 06BD2H 00000H _INITEND_          INITDATA
 06BD2H 06BD2H 00000H _EXIT_             EXITDATA
 06BD2H 06BD2H 00000H _EXITEND_          EXITDATA
 06BD2H 0FDD7H 09206H _BSS               BSS
 0FDD8H 0FDD8H 00000H _BSSEND            BSSEND
 0FDE0H 0FE5FH 00080H _STACK             STACK


Detailed map of segments

 0000:0000 0295 C=CODE   S=_TEXT          G=(none)  M=c0.ASM     ACBP=28
 0000:0295 002D C=CODE   S=_TEXT          G=(none)  M=ATEXIT     ACBP=28
 0000:02C2 0093 C=CODE   S=_TEXT          G=(none)  M=EXIT       ACBP=28
 0000:0355 0000 C=CODE   S=_TEXT          G=(none)  M=FILES      ACBP=28
 0000:0355 0000 C=CODE   S=_TEXT          G=(none)  M=FILES2     ACBP=28
 0000:0355 0017 C=CODE   S=_TEXT          G=(none)  M=F_LXMUL    ACBP=28
 0000:036C 0026 C=CODE   S=_TEXT          G=(none)  M=GETDATE    ACBP=28
 0000:0392 00AE C=CODE   S=_TEXT          G=(none)  M=H_LDIV     ACBP=28
 0000:0440 0021 C=CODE   S=_TEXT          G=(none)  M=H_LLSH     ACBP=28
 0000:0461 0021 C=CODE   S=_TEXT          G=(none)  M=H_LURSH    ACBP=28
 0000:0482 0060 C=CODE   S=_TEXT          G=(none)  M=H_PADD     ACBP=28
 0000:04E2 004B C=CODE   S=_TEXT          G=(none)  M=IOERROR    ACBP=28
 0000:052D 0011 C=CODE   S=_TEXT          G=(none)  M=ISATTY     ACBP=28
 0000:053E 00A2 C=CODE   S=_TEXT          G=(none)  M=LONGTOA    ACBP=28
 0000:05E0 0029 C=CODE   S=_TEXT          G=(none)  M=LSEEK      ACBP=28
 0000:0609 0021 C=CODE   S=_TEXT          G=(none)  M=N_PCMP     ACBP=28
 0000:062A 00BA C=CODE   S=_TEXT          G=(none)  M=SETUPIO    ACBP=28
 0000:06E4 0000 C=CODE   S=_TEXT          G=(none)  M=STKLEN     ACBP=28
 0000:06E4 04DB C=CODE   S=_TEXT          G=(none)  M=VPRINTER   ACBP=28
 0000:0BBF 009F C=CODE   S=_TEXT          G=(none)  M=VRAM       ACBP=28
 0000:0C5E 0000 C=CODE   S=_TEXT          G=(none)  M=WSCROLL    ACBP=28
 0000:0C5E 014E C=CODE   S=_TEXT          G=(none)  M=CPRINTF    ACBP=28
 0000:0DAC 01A5 C=CODE   S=_TEXT          G=(none)  M=CRTINIT    ACBP=28
 0000:0F51 001F C=CODE   S=_TEXT          G=(none)  M=CVTFAK     ACBP=28
 0000:0F70 0432 C=CODE   S=_TEXT          G=(none)  M=FARHEAP    ACBP=28
 0000:13A2 0140 C=CODE   S=_TEXT          G=(none)  M=FBRK       ACBP=28
 0000:14E2 005E C=CODE   S=_TEXT          G=(none)  M=GETCH      ACBP=28
 0000:1540 00AC C=CODE   S=_TEXT          G=(none)  M=GPTEXT     ACBP=28
 0000:15EC 0012 C=CODE   S=_TEXT          G=(none)  M=KBHIT      ACBP=28
 0000:15FE 009D C=CODE   S=_TEXT          G=(none)  M=MOVETEXT   ACBP=28
 0000:169B 0017 C=CODE   S=_TEXT          G=(none)  M=PUTCH      ACBP=28
 0000:16B2 0004 C=CODE   S=_TEXT          G=(none)  M=REALCVT    ACBP=28
 0000:16B6 01C7 C=CODE   S=_TEXT          G=(none)  M=SCREEN     ACBP=28
 0000:187D 018E C=CODE   S=_TEXT          G=(none)  M=SCROLL     ACBP=28
 0000:1A0B 001C C=CODE   S=_TEXT          G=(none)  M=SETBLOCK   ACBP=28
 0000:1A27 006A C=CODE   S=_TEXT          G=(none)  M=SETJMP     ACBP=28
 0000:1A91 002C C=CODE   S=_TEXT          G=(none)  M=WHEREXY    ACBP=28
 0000:1ABD 00CD C=CODE   S=_TEXT          G=(none)  M=FFLUSH     ACBP=28
 0000:1B8A 0042 C=CODE   S=_TEXT          G=(none)  M=FLUSHALL   ACBP=28
 0000:1BCC 01E2 C=CODE   S=_TEXT          G=(none)  M=FSEEK      ACBP=28
 0000:1DAE 0024 C=CODE   S=_TEXT          G=(none)  M=MEMCPY     ACBP=28
 0000:1DD2 001B C=CODE   S=_TEXT          G=(none)  M=PRINTF     ACBP=28
 0000:1DED 03C8 C=CODE   S=_TEXT          G=(none)  M=PUTC       ACBP=28
 0000:21B5 011D C=CODE   S=_TEXT          G=(none)  M=SETVBUF    ACBP=28
 0000:22D2 0083 C=CODE   S=_TEXT          G=(none)  M=SPRINTF    ACBP=28
 0000:2355 0151 C=CODE   S=_TEXT          G=(none)  M=WRITE      ACBP=28
 0000:24A6 003C C=CODE   S=_TEXT          G=(none)  M=WRITEA     ACBP=28
 0000:24E2 0038 C=CODE   S=_TEXT          G=(none)  M=XFFLUSH    ACBP=28
 0251:000A 02FF C=CODE   S=TEST_TEXT      G=(none)  M=test.c     ACBP=28
 0281:000A 00D6 C=CODE   S=OS_CPU_A_TEXT  G=(none)  M=\SOFTWARE\uCOS-II\Ix86L\BC45\OS_CPU_A.ASM ACBP=48
 028F:0000 01D6 C=CODE   S=OS_CPU_C_TEXT  G=(none)  M=os_cpu_c.c ACBP=28
 02AC:0006 037D C=CODE   S=PC_TEXT        G=(none)  M=pc.c       ACBP=28
 02E4:0003 3835 C=CODE   S=UCOS_II_TEXT   G=(none)  M=ucos_ii.c  ACBP=28
 0668:0000 0000 C=FAR_DATA S=_FARDATA       G=(none)  M=c0.ASM     ACBP=68
 0668:0000 0000 C=FAR_BSS S=_FARBSS        G=(none)  M=c0.ASM     ACBP=68
 0668:0000 0000 C=OVRINFO S=_OVERLAY_      G=(none)  M=c0.ASM     ACBP=68
 0668:0000 0000 C=STUBSEG S=_1STUB_        G=(none)  M=c0.ASM     ACBP=68
 0668:0000 0093 C=DATA   S=_DATA          G=DGROUP  M=c0.ASM     ACBP=68
 0668:0094 0042 C=DATA   S=_DATA          G=DGROUP  M=test.c     ACBP=48
 0668:00D6 0000 C=DATA   S=_DATA          G=DGROUP  M=\SOFTWARE\uCOS-II\Ix86L\BC45\OS_CPU_A.ASM ACBP=48
 0668:00D6 0000 C=DATA   S=_DATA          G=DGROUP  M=os_cpu_c.c ACBP=48
 0668:00D6 001F C=DATA   S=_DATA          G=DGROUP  M=pc.c       ACBP=48
 0668:00F6 0163 C=DATA   S=_DATA          G=DGROUP  M=ucos_ii.c  ACBP=48
 0668:025A 0002 C=DATA   S=_DATA          G=DGROUP  M=ATEXIT     ACBP=48
 0668:025C 000C C=DATA   S=_DATA          G=DGROUP  M=EXIT       ACBP=48
 0668:0268 0190 C=DATA   S=_DATA          G=DGROUP  M=FILES      ACBP=48
 0668:03F8 002A C=DATA   S=_DATA          G=DGROUP  M=FILES2     ACBP=48
 0668:0422 0000 C=DATA   S=_DATA          G=DGROUP  M=F_LXMUL    ACBP=48
 0668:0422 0000 C=DATA   S=_DATA          G=DGROUP  M=GETDATE    ACBP=48
 0668:0422 0000 C=DATA   S=_DATA          G=DGROUP  M=H_LDIV     ACBP=48
 0668:0422 0000 C=DATA   S=_DATA          G=DGROUP  M=H_LLSH     ACBP=48
 0668:0422 0000 C=DATA   S=_DATA          G=DGROUP  M=H_LURSH    ACBP=48
 0668:0422 0000 C=DATA   S=_DATA          G=DGROUP  M=H_PADD     ACBP=48
 0668:0422 005B C=DATA   S=_DATA          G=DGROUP  M=IOERROR    ACBP=48
 0668:047E 0000 C=DATA   S=_DATA          G=DGROUP  M=ISATTY     ACBP=48
 0668:047E 0000 C=DATA   S=_DATA          G=DGROUP  M=LONGTOA    ACBP=48
 0668:047E 0000 C=DATA   S=_DATA          G=DGROUP  M=LSEEK      ACBP=48
 0668:047E 0000 C=DATA   S=_DATA          G=DGROUP  M=N_PCMP     ACBP=48
 0668:047E 0000 C=DATA   S=_DATA          G=DGROUP  M=SETUPIO    ACBP=48
 0668:047E 0002 C=DATA   S=_DATA          G=DGROUP  M=STKLEN     ACBP=48
 0668:0480 0067 C=DATA   S=_DATA          G=DGROUP  M=VPRINTER   ACBP=48
 0668:04E8 0000 C=DATA   S=_DATA          G=DGROUP  M=VRAM       ACBP=48
 0668:04E8 0002 C=DATA   S=_DATA          G=DGROUP  M=WSCROLL    ACBP=48
 0668:04EA 0000 C=DATA   S=_DATA          G=DGROUP  M=CPRINTF    ACBP=48
 0668:04EA 0018 C=DATA   S=_DATA          G=DGROUP  M=CRTINIT    ACBP=48
 0668:0502 0031 C=DATA   S=_DATA          G=DGROUP  M=CVTFAK     ACBP=48
 0668:0534 0000 C=DATA   S=_DATA          G=DGROUP  M=FARHEAP    ACBP=48
 0668:0534 0002 C=DATA   S=_DATA          G=DGROUP  M=FBRK       ACBP=48
 0668:0536 0000 C=DATA   S=_DATA          G=DGROUP  M=GETCH      ACBP=48
 0668:0536 0000 C=DATA   S=_DATA          G=DGROUP  M=GPTEXT     ACBP=48
 0668:0536 0002 C=DATA   S=_DATA          G=DGROUP  M=KBHIT      ACBP=48
 0668:0538 0000 C=DATA   S=_DATA          G=DGROUP  M=MOVETEXT   ACBP=48
 0668:0538 0000 C=DATA   S=_DATA          G=DGROUP  M=PUTCH      ACBP=48
 0668:0538 0000 C=DATA   S=_DATA          G=DGROUP  M=REALCVT    ACBP=48
 0668:0538 0000 C=DATA   S=_DATA          G=DGROUP  M=SCREEN     ACBP=48
 0668:0538 0000 C=DATA   S=_DATA          G=DGROUP  M=SCROLL     ACBP=48
 0668:0538 0000 C=DATA   S=_DATA          G=DGROUP  M=SETBLOCK   ACBP=48
 0668:0538 0000 C=DATA   S=_DATA          G=DGROUP  M=SETJMP     ACBP=48
 0668:0538 0000 C=DATA   S=_DATA          G=DGROUP  M=WHEREXY    ACBP=48
 0668:0538 0000 C=DATA   S=_DATA          G=DGROUP  M=FFLUSH     ACBP=48
 0668:0538 0000 C=DATA   S=_DATA          G=DGROUP  M=FLUSHALL   ACBP=48
 0668:0538 0000 C=DATA   S=_DATA          G=DGROUP  M=FSEEK      ACBP=48
 0668:0538 0000 C=DATA   S=_DATA          G=DGROUP  M=MEMCPY     ACBP=48
 0668:0538 0000 C=DATA   S=_DATA          G=DGROUP  M=PRINTF     ACBP=48
 0668:0538 0001 C=DATA   S=_DATA          G=DGROUP  M=PUTC       ACBP=48
 0668:053A 0004 C=DATA   S=_DATA          G=DGROUP  M=SETVBUF    ACBP=48
 0668:053E 0000 C=DATA   S=_DATA          G=DGROUP  M=SPRINTF    ACBP=48
 0668:053E 0000 C=DATA   S=_DATA          G=DGROUP  M=WRITE      ACBP=48
 0668:053E 0000 C=DATA   S=_DATA          G=DGROUP  M=WRITEA     ACBP=48
 0668:053E 0000 C=DATA   S=_DATA          G=DGROUP  M=XFFLUSH    ACBP=48
 0668:053E 0000 C=DATA   S=_CVTSEG        G=DGROUP  M=c0.ASM     ACBP=48
 0668:053E 0002 C=DATA   S=_CVTSEG        G=DGROUP  M=CVTFAK     ACBP=48
 0668:0540 0000 C=DATA   S=_CVTSEG        G=DGROUP  M=REALCVT    ACBP=48
 0668:0540 0000 C=DATA   S=_SCNSEG        G=DGROUP  M=c0.ASM     ACBP=48
 0668:0540 0006 C=DATA   S=_SCNSEG        G=DGROUP  M=CVTFAK     ACBP=48
 0668:0546 0000 C=CONST  S=_CONST         G=DGROUP  M=c0.ASM     ACBP=48
 0668:0546 0000 C=INITDATA S=_INIT_         G=DGROUP  M=c0.ASM     ACBP=48
 0668:0546 0006 C=INITDATA S=_INIT_         G=DGROUP  M=SETUPIO    ACBP=48
 0668:054C 0006 C=INITDATA S=_INIT_         G=DGROUP  M=CRTINIT    ACBP=48
 0668:0552 0000 C=INITDATA S=_INITEND_      G=DGROUP  M=c0.ASM     ACBP=28
 0668:0552 0000 C=EXITDATA S=_EXIT_         G=DGROUP  M=c0.ASM     ACBP=48
 0668:0552 0000 C=EXITDATA S=_EXITEND_      G=DGROUP  M=c0.ASM     ACBP=28
 0668:0552 0000 C=BSS    S=_BSS           G=DGROUP  M=c0.ASM     ACBP=48
 0668:0552 8542 C=BSS    S=_BSS           G=DGROUP  M=test.c     ACBP=48
 0668:8A94 0001 C=BSS    S=_BSS           G=DGROUP  M=os_cpu_c.c ACBP=48
 0668:8A96 001B C=BSS    S=_BSS           G=DGROUP  M=pc.c       ACBP=48
 0668:8AB2 0C24 C=BSS    S=_BSS           G=DGROUP  M=ucos_ii.c  ACBP=48
 0668:96D6 0080 C=BSS    S=_BSS           G=DGROUP  M=ATEXIT     ACBP=48
 0668:9756 0000 C=BSS    S=_BSS           G=DGROUP  M=IOERROR    ACBP=48
 0668:9756 0000 C=BSS    S=_BSS           G=DGROUP  M=ISATTY     ACBP=48
 0668:9756 0000 C=BSS    S=_BSS           G=DGROUP  M=LONGTOA    ACBP=48
 0668:9756 0000 C=BSS    S=_BSS           G=DGROUP  M=LSEEK      ACBP=48
 0668:9756 0000 C=BSS    S=_BSS           G=DGROUP  M=SETUPIO    ACBP=48
 0668:9756 0000 C=BSS    S=_BSS           G=DGROUP  M=VPRINTER   ACBP=48
 0668:9756 0000 C=BSS    S=_BSS           G=DGROUP  M=VRAM       ACBP=48
 0668:9756 0000 C=BSS    S=_BSS           G=DGROUP  M=CRTINIT    ACBP=48
 0668:9756 0000 C=BSS    S=_BSS           G=DGROUP  M=GETCH      ACBP=48
 0668:9756 0000 C=BSS    S=_BSS           G=DGROUP  M=KBHIT      ACBP=48
 0668:9756 0000 C=BSS    S=_BSS           G=DGROUP  M=SETBLOCK   ACBP=48
 0668:9756 0000 C=BSS    S=_BSS           G=DGROUP  M=SETJMP     ACBP=48
 0668:9756 0000 C=BSS    S=_BSS           G=DGROUP  M=MEMCPY     ACBP=48
 0668:9756 0001 C=BSS    S=_BSS           G=DGROUP  M=PUTC       ACBP=48
 0668:9758 0000 C=BSS    S=_BSS           G=DGROUP  M=WRITEA     ACBP=48
 0668:9758 0000 C=BSSEND S=_BSSEND        G=DGROUP  M=c0.ASM     ACBP=28
 0FDE:0000 0080 C=STACK  S=_STACK         G=(none)  M=c0.ASM     ACBP=74

  Address         Publics by Name

 0668:0000 idle  DATASEG@
 0000:0291 idle  DGROUP@
 0000:0395 idle  F_LDIV@
 0000:03A4 idle  F_LMOD@
 0000:039C       F_LUDIV@
 0000:03AC idle  F_LUMOD@
 0000:0443       F_LXLSH@
 0000:0355       F_LXMUL@
 0000:0464       F_LXURSH@
 0000:0485 idle  F_PADD@
 0000:04B4 idle  F_PSUB@
 0000:0395 idle  LDIV@
 0000:03A4 idle  LMOD@
 0000:039C idle  LUDIV@
 0000:03AC idle  LUMOD@
 0000:0443 idle  LXLSH@
 0000:0355 idle  LXMUL@
 0000:0464 idle  LXURSH@
 0000:0392 idle  N_LDIV@
 0000:03A1 idle  N_LMOD@
 0000:0399 idle  N_LUDIV@
 0000:03A9 idle  N_LUMOD@
 0000:0440       N_LXLSH@
 0000:0461 idle  N_LXURSH@
 0000:0482       N_PADD@
 0000:0609       N_PCMP@
 0000:04B1 idle  N_PSUB@
 0000:0485 idle  PADD@
 0000:04B4 idle  PSUB@
 0000:027A       _abort
 0251:01CB idle  _ArgumentSet2
 0251:023E idle  _ArgumentSet3
 0000:0295 idle  _atexit
 0000:0D90 idle  _cprintf
 0668:1564       _CtxSwMessage
 0668:0094       _CtxSwMessageTop
 0668:04F9       _directvideo
 0668:007F       _errno
 0000:031A       _exit
 0000:10B0 idle  _farfree
 0000:11C4 idle  _farmalloc
 0000:1328 idle  _farrealloc
 0000:1ABD       _fflush
 0000:1B8A       _flushall
 0000:1E09 idle  _fputc
 0000:1F9E idle  _fputchar
 0000:10B0       _free
 0000:1C4E       _fseek
 0000:1CCE idle  _ftell
 0000:14E2       _getch
 0000:14FE idle  _getche
 0000:036C       _getdate
 02E4:00B3 idle  _getPrioHighRdy
 0000:1540       _gettext
 0000:037F       _gettime
 0000:052D       _isatty
 0000:15EC       _kbhit
 0000:1A5D       _longjmp
 0000:05E0       _lseek
 0251:000A       _main
 0000:11BA       _malloc
 0000:1DAE       _memcpy
 0000:15FE       _movetext
 0668:9692 idle  _OSCPUUsage
 0281:0028       _OSCtxSw
 0668:96D2       _OSCtxSwCtr
 0668:96CE idle  _OSEventFreeList
 0668:96BA idle  _OSEventTbl
 02E4:0983 idle  _OSFlagAccept
 02E4:0AB5 idle  _OSFlagCreate
 02E4:0B2D idle  _OSFlagDel
 0668:9693 idle  _OSFlagFreeList
 02E4:0C6F idle  _OSFlagPend
 02E4:0EC9 idle  _OSFlagPost
 02E4:1069 idle  _OSFlagQuery
 0668:9697 idle  _OSFlagTbl
 0668:927B idle  _OSIdleCtr
 0668:968E idle  _OSIdleCtrMax
 0668:968A idle  _OSIdleCtrRun
 02E4:0003       _OSInit
 028F:0000       _OSInitHookBegin
 028F:0001       _OSInitHookEnd
 0281:0063       _OSIntCtxSw
 02E4:003B idle  _OSIntEnter
 02E4:0128       _OSIntExit
 0668:9287 idle  _OSIntExitY
 0668:9288       _OSIntNesting
 0668:9286 idle  _OSLockNesting
 0668:00F6 idle  _OSMapTbl
 02E4:12F9 idle  _OSMboxAccept
 02E4:1344 idle  _OSMboxCreate
 02E4:13B9 idle  _OSMboxDel
 02E4:14D7 idle  _OSMboxPend
 02E4:15D9 idle  _OSMboxPost
 02E4:1651 idle  _OSMboxPostOpt
 02E4:16F4 idle  _OSMboxQuery
 02E4:1782 idle  _OSMemCreate
 0668:8B4E idle  _OSMemFreeList
 02E4:18CD idle  _OSMemGet
 02E4:194B idle  _OSMemPut
 02E4:19BB idle  _OSMemQuery
 0668:8AEA idle  _OSMemTbl
 02E4:1B08 idle  _OSMutexAccept
 02E4:1B93 idle  _OSMutexCreate
 02E4:1C79 idle  _OSMutexDel
 02E4:1DD3 idle  _OSMutexPend
 02E4:1FBE idle  _OSMutexPost
 02E4:2146 idle  _OSMutexQuery
 0668:9285       _OSPrioCur
 0668:9284       _OSPrioHighRdy
 02E4:21FB idle  _OSQAccept
 02E4:229B idle  _OSQCreate
 02E4:23BE idle  _OSQDel
 02E4:253B idle  _OSQFlush
 0668:8AE6 idle  _OSQFreeList
 02E4:2593 idle  _OSQPend
 02E4:26D9 idle  _OSQPost
 02E4:27A1 idle  _OSQPostFront
 02E4:2863 idle  _OSQPostOpt
 02E4:29A1 idle  _OSQQuery
 0668:8AB6 idle  _OSQTbl
 0668:9283 idle  _OSRdyGrp
 0668:9281 idle  _OSRdyTbl
 0668:9280       _OSRunning
 02E4:01B6 idle  _OSSchedLock
 02E4:01CC idle  _OSSchedUnlock
 02E4:2AC6 idle  _OSSemAccept
 02E4:2AF8 idle  _OSSemCreate
 02E4:2B6C idle  _OSSemDel
 02E4:2C8A idle  _OSSemPend
 02E4:2D3A idle  _OSSemPost
 02E4:2D94 idle  _OSSemQuery
 02E4:01F9       _OSStart
 0281:000A       _OSStartHighRdy
 02E4:022B idle  _OSStatInit
 0668:9689 idle  _OSStatRdy
 02E4:2E1A idle  _OSTaskChangePrio
 02E4:2FE6       _OSTaskCreate
 02E4:309B idle  _OSTaskCreateExt
 028F:0002       _OSTaskCreateHook
 0668:927F idle  _OSTaskCtr
 02E4:318B idle  _OSTaskDel
 028F:0007       _OSTaskDelHook
 02E4:336A idle  _OSTaskDelReq
 028F:000C       _OSTaskIdleHook
 0668:8E7B idle  _OSTaskIdleStk
 02E4:35E8 idle  _OSTaskQuery
 02E4:33D6 idle  _OSTaskResume
 028F:000D       _OSTaskStatHook
 0668:9289 idle  _OSTaskStatStk
 02E4:3455 idle  _OSTaskStkChk
 028F:000E       _OSTaskStkInit
 028F:00F4 idle  _OSTaskStkInit_FPE_x86
 02E4:353A idle  _OSTaskSuspend
 028F:01CF       _OSTaskSwHook
 0668:8E77       _OSTCBCur
 0668:8E73 idle  _OSTCBFreeList
 0668:8E6F       _OSTCBHighRdy
 028F:01D0       _OSTCBInitHook
 0668:8E6B       _OSTCBList
 0668:8E37       _OSTCBPrioTbl
 0668:8B52 idle  _OSTCBTbl
 0668:8A94       _OSTickDOSCtr
 0281:0090       _OSTickISR
 0668:8AB2 idle  _OSTime
 02E4:3656       _OSTimeDly
 02E4:369D idle  _OSTimeDlyHMSM
 02E4:378C idle  _OSTimeDlyResume
 02E4:3804       _OSTimeGet
 02E4:3823       _OSTimeSet
 02E4:0266       _OSTimeTick
 028F:01D5       _OSTimeTickHook
 0668:00FE idle  _OSUnMapTbl
 02E4:02FF idle  _OSVersion
 02E4:0303 idle  _OS_Dummy
 02E4:0304 idle  _OS_EventTaskRdy
 02E4:03CE idle  _OS_EventTaskWait
 02E4:043B idle  _OS_EventTO
 02E4:048F idle  _OS_EventWaitListInit
 02E4:118B idle  _OS_FlagInit
 02E4:124A idle  _OS_FlagUnlink
 02E4:1A64 idle  _OS_MemInit
 02E4:2A76 idle  _OS_QInit
 02E4:0689 idle  _OS_Sched
 02E4:06FF idle  _OS_TaskIdle
 02E4:0724 idle  _OS_TaskStat
 02E4:07F0 idle  _OS_TCBInit
 02AC:0006 idle  _PC_DispChar
 02AC:0044 idle  _PC_DispClrCol
 02AC:008A idle  _PC_DispClrRow
 02AC:00C3       _PC_DispClrScr
 02AC:00F4 idle  _PC_DispStr
 02AC:0143       _PC_DOSReturn
 02AC:0157       _PC_DOSSaveReturn
 02AC:01C5 idle  _PC_ElapsedInit
 02AC:01D9 idle  _PC_ElapsedStart
 02AC:01FF idle  _PC_ElapsedStop
 02AC:0250 idle  _PC_GetDateTime
 02AC:02A3       _PC_GetKey
 02AC:02CA       _PC_SetTickRate
 0668:8A96 idle  _PC_TickISR
 02AC:0317 idle  _PC_VectGet
 02AC:034E       _PC_VectSet
 0668:1560 idle  _PrintCtxSwMbox
 0251:02D9 idle  _PrintCtxSwMessage
 0000:1DD2       _printf
 02E4:004E idle  _printTCBList
 0000:169B       _putch
 0000:1596       _puttext
 0000:1321 idle  _realloc
 0000:1A0B       _setblock
 0000:1A27       _setjmp
 0000:21B5       _setvbuf
 0000:2312       _sprintf
 0251:0146 idle  _Task
 0668:0554 idle  _TaskData
 0251:006B idle  _TaskStart
 0668:0560 idle  _TaskStartStk
 0668:0960 idle  _TaskStk
 0000:1522 idle  _ungetch
 0000:2334 idle  _vsprintf
 0000:1A9B idle  _wherex
 0000:1AAA idle  _wherey
 0000:1000 idle  __AHINCR
 0000:000C idle  __AHSHIFT
 0668:025A       __atexitcnt
 0668:96D6       __atexittbl
 0000:1418       __brk
 0668:008B       __brklvl
 0668:006B idle  __C0argc
 0668:006D idle  __C0argv
 0000:0E72 idle  __c0crtinit
 0668:0071 idle  __C0environ
 0668:0537       __cChar
 0000:033B idle  __cexit
 0668:0536       __cFlag
 0000:016A       __checknull
 0000:0157       __cleanup
 0000:0C5E       __CPUTN
 0000:0E8F idle  __crtinit
 0000:0000  Abs  __cvtfak
 0000:0349 idle  __c_exit
 0668:0422 idle  __doserrno
 0000:051B idle  __DOSERROR
 0668:0424 idle  __dosErrorToSV
 0668:0075 idle  __envLng
 0668:0077 idle  __envseg
 0668:0079 idle  __envSize
 0000:0329       __exit
 0668:025C       __exitbuf
 0668:0260 idle  __exitfopen
 0668:0264 idle  __exitopen
 0000:1DED idle  __fputc
 0000:1FB2       __FPUTN
 0668:0087       __heapbase
 0668:008F       __heaptop
 0668:005B idle  __Int0Vector
 0668:005F idle  __Int4Vector
 0668:0063 idle  __Int5Vector
 0668:0067 idle  __Int6Vector
 0000:04E2       __IOERROR
 0000:053E       __LONGTOA
 0000:0293 idle  __MMODEL
 0668:03F8       __nfile
 0000:14FB idle  __Ngetche
 0000:151F idle  __Nungetch
 0668:03FA       __openfd
 0668:007D idle  __osmajor
 0668:007E idle  __osminor
 0668:007D idle  __osversion
 0668:007B       __psp
 0000:16B2       __REALCVT
 0668:053E       __RealCvtVector
 0000:01C0       __restorezero
 0000:1457       __sbrk
 0668:0540 idle  __ScanTodVector
 0000:17EC       __SCREENIO
 0000:189F       __SCROLL
 0000:062A       __setupio
 0668:0081 idle  __StartTime
 0668:047E       __stklen
 0668:0268       __streams
 0000:016B       __terminate
 0000:0000 idle  __turboCrt
 0000:05C0 idle  __UTOA
 0000:1828       __VALIDATEXY
 0668:007D idle  __version
 0668:04EA       __video
 0000:0DE7       __VideoInt
 0000:06FC       __VPRINTER
 0000:0BBF       __VPTR
 0000:0BE4       __VRAM
 0000:1A91       __wherexy
 0000:24A6       __write
 0668:04E8       __wscroll
 0000:24E2       __xfflush
 0668:0085 idle  ___brklvl
 0000:0F70 idle  ___first
 0000:0F72 idle  ___last
 0000:0F74 idle  ___rover
 0000:2355       ___write

  Address         Publics by Value

 0000:0000 idle  __turboCrt
 0000:0000  Abs  __cvtfak
 0000:000C idle  __AHSHIFT
 0000:0157       __cleanup
 0000:016A       __checknull
 0000:016B       __terminate
 0000:01C0       __restorezero
 0000:027A       _abort
 0000:0291 idle  DGROUP@
 0000:0293 idle  __MMODEL
 0000:0295 idle  _atexit
 0000:031A       _exit
 0000:0329       __exit
 0000:033B idle  __cexit
 0000:0349 idle  __c_exit
 0000:0355       F_LXMUL@
 0000:0355 idle  LXMUL@
 0000:036C       _getdate
 0000:037F       _gettime
 0000:0392 idle  N_LDIV@
 0000:0395 idle  LDIV@
 0000:0395 idle  F_LDIV@
 0000:0399 idle  N_LUDIV@
 0000:039C       F_LUDIV@
 0000:039C idle  LUDIV@
 0000:03A1 idle  N_LMOD@
 0000:03A4 idle  F_LMOD@
 0000:03A4 idle  LMOD@
 0000:03A9 idle  N_LUMOD@
 0000:03AC idle  LUMOD@
 0000:03AC idle  F_LUMOD@
 0000:0440       N_LXLSH@
 0000:0443       F_LXLSH@
 0000:0443 idle  LXLSH@
 0000:0461 idle  N_LXURSH@
 0000:0464       F_LXURSH@
 0000:0464 idle  LXURSH@
 0000:0482       N_PADD@
 0000:0485 idle  F_PADD@
 0000:0485 idle  PADD@
 0000:04B1 idle  N_PSUB@
 0000:04B4 idle  F_PSUB@
 0000:04B4 idle  PSUB@
 0000:04E2       __IOERROR
 0000:051B idle  __DOSERROR
 0000:052D       _isatty
 0000:053E       __LONGTOA
 0000:05C0 idle  __UTOA
 0000:05E0       _lseek
 0000:0609       N_PCMP@
 0000:062A       __setupio
 0000:06FC       __VPRINTER
 0000:0BBF       __VPTR
 0000:0BE4       __VRAM
 0000:0C5E       __CPUTN
 0000:0D90 idle  _cprintf
 0000:0DE7       __VideoInt
 0000:0E72 idle  __c0crtinit
 0000:0E8F idle  __crtinit
 0000:0F70 idle  ___first
 0000:0F72 idle  ___last
 0000:0F74 idle  ___rover
 0000:1000 idle  __AHINCR
 0000:10B0       _free
 0000:10B0 idle  _farfree
 0000:11BA       _malloc
 0000:11C4 idle  _farmalloc
 0000:1321 idle  _realloc
 0000:1328 idle  _farrealloc
 0000:1418       __brk
 0000:1457       __sbrk
 0000:14E2       _getch
 0000:14FB idle  __Ngetche
 0000:14FE idle  _getche
 0000:151F idle  __Nungetch
 0000:1522 idle  _ungetch
 0000:1540       _gettext
 0000:1596       _puttext
 0000:15EC       _kbhit
 0000:15FE       _movetext
 0000:169B       _putch
 0000:16B2       __REALCVT
 0000:17EC       __SCREENIO
 0000:1828       __VALIDATEXY
 0000:189F       __SCROLL
 0000:1A0B       _setblock
 0000:1A27       _setjmp
 0000:1A5D       _longjmp
 0000:1A91       __wherexy
 0000:1A9B idle  _wherex
 0000:1AAA idle  _wherey
 0000:1ABD       _fflush
 0000:1B8A       _flushall
 0000:1C4E       _fseek
 0000:1CCE idle  _ftell
 0000:1DAE       _memcpy
 0000:1DD2       _printf
 0000:1DED idle  __fputc
 0000:1E09 idle  _fputc
 0000:1F9E idle  _fputchar
 0000:1FB2       __FPUTN
 0000:21B5       _setvbuf
 0000:2312       _sprintf
 0000:2334 idle  _vsprintf
 0000:2355       ___write
 0000:24A6       __write
 0000:24E2       __xfflush
 0251:000A       _main
 0251:006B idle  _TaskStart
 0251:0146 idle  _Task
 0251:01CB idle  _ArgumentSet2
 0251:023E idle  _ArgumentSet3
 0251:02D9 idle  _PrintCtxSwMessage
 0281:000A       _OSStartHighRdy
 0281:0028       _OSCtxSw
 0281:0063       _OSIntCtxSw
 0281:0090       _OSTickISR
 028F:0000       _OSInitHookBegin
 028F:0001       _OSInitHookEnd
 028F:0002       _OSTaskCreateHook
 028F:0007       _OSTaskDelHook
 028F:000C       _OSTaskIdleHook
 028F:000D       _OSTaskStatHook
 028F:000E       _OSTaskStkInit
 028F:00F4 idle  _OSTaskStkInit_FPE_x86
 028F:01CF       _OSTaskSwHook
 028F:01D0       _OSTCBInitHook
 028F:01D5       _OSTimeTickHook
 02AC:0006 idle  _PC_DispChar
 02AC:0044 idle  _PC_DispClrCol
 02AC:008A idle  _PC_DispClrRow
 02AC:00C3       _PC_DispClrScr
 02AC:00F4 idle  _PC_DispStr
 02AC:0143       _PC_DOSReturn
 02AC:0157       _PC_DOSSaveReturn
 02AC:01C5 idle  _PC_ElapsedInit
 02AC:01D9 idle  _PC_ElapsedStart
 02AC:01FF idle  _PC_ElapsedStop
 02AC:0250 idle  _PC_GetDateTime
 02AC:02A3       _PC_GetKey
 02AC:02CA       _PC_SetTickRate
 02AC:0317 idle  _PC_VectGet
 02AC:034E       _PC_VectSet
 02E4:0003       _OSInit
 02E4:003B idle  _OSIntEnter
 02E4:004E idle  _printTCBList
 02E4:00B3 idle  _getPrioHighRdy
 02E4:0128       _OSIntExit
 02E4:01B6 idle  _OSSchedLock
 02E4:01CC idle  _OSSchedUnlock
 02E4:01F9       _OSStart
 02E4:022B idle  _OSStatInit
 02E4:0266       _OSTimeTick
 02E4:02FF idle  _OSVersion
 02E4:0303 idle  _OS_Dummy
 02E4:0304 idle  _OS_EventTaskRdy
 02E4:03CE idle  _OS_EventTaskWait
 02E4:043B idle  _OS_EventTO
 02E4:048F idle  _OS_EventWaitListInit
 02E4:0689 idle  _OS_Sched
 02E4:06FF idle  _OS_TaskIdle
 02E4:0724 idle  _OS_TaskStat
 02E4:07F0 idle  _OS_TCBInit
 02E4:0983 idle  _OSFlagAccept
 02E4:0AB5 idle  _OSFlagCreate
 02E4:0B2D idle  _OSFlagDel
 02E4:0C6F idle  _OSFlagPend
 02E4:0EC9 idle  _OSFlagPost
 02E4:1069 idle  _OSFlagQuery
 02E4:118B idle  _OS_FlagInit
 02E4:124A idle  _OS_FlagUnlink
 02E4:12F9 idle  _OSMboxAccept
 02E4:1344 idle  _OSMboxCreate
 02E4:13B9 idle  _OSMboxDel
 02E4:14D7 idle  _OSMboxPend
 02E4:15D9 idle  _OSMboxPost
 02E4:1651 idle  _OSMboxPostOpt
 02E4:16F4 idle  _OSMboxQuery
 02E4:1782 idle  _OSMemCreate
 02E4:18CD idle  _OSMemGet
 02E4:194B idle  _OSMemPut
 02E4:19BB idle  _OSMemQuery
 02E4:1A64 idle  _OS_MemInit
 02E4:1B08 idle  _OSMutexAccept
 02E4:1B93 idle  _OSMutexCreate
 02E4:1C79 idle  _OSMutexDel
 02E4:1DD3 idle  _OSMutexPend
 02E4:1FBE idle  _OSMutexPost
 02E4:2146 idle  _OSMutexQuery
 02E4:21FB idle  _OSQAccept
 02E4:229B idle  _OSQCreate
 02E4:23BE idle  _OSQDel
 02E4:253B idle  _OSQFlush
 02E4:2593 idle  _OSQPend
 02E4:26D9 idle  _OSQPost
 02E4:27A1 idle  _OSQPostFront
 02E4:2863 idle  _OSQPostOpt
 02E4:29A1 idle  _OSQQuery
 02E4:2A76 idle  _OS_QInit
 02E4:2AC6 idle  _OSSemAccept
 02E4:2AF8 idle  _OSSemCreate
 02E4:2B6C idle  _OSSemDel
 02E4:2C8A idle  _OSSemPend
 02E4:2D3A idle  _OSSemPost
 02E4:2D94 idle  _OSSemQuery
 02E4:2E1A idle  _OSTaskChangePrio
 02E4:2FE6       _OSTaskCreate
 02E4:309B idle  _OSTaskCreateExt
 02E4:318B idle  _OSTaskDel
 02E4:336A idle  _OSTaskDelReq
 02E4:33D6 idle  _OSTaskResume
 02E4:3455 idle  _OSTaskStkChk
 02E4:353A idle  _OSTaskSuspend
 02E4:35E8 idle  _OSTaskQuery
 02E4:3656       _OSTimeDly
 02E4:369D idle  _OSTimeDlyHMSM
 02E4:378C idle  _OSTimeDlyResume
 02E4:3804       _OSTimeGet
 02E4:3823       _OSTimeSet
 0668:0000 idle  DATASEG@
 0668:005B idle  __Int0Vector
 0668:005F idle  __Int4Vector
 0668:0063 idle  __Int5Vector
 0668:0067 idle  __Int6Vector
 0668:006B idle  __C0argc
 0668:006D idle  __C0argv
 0668:0071 idle  __C0environ
 0668:0075 idle  __envLng
 0668:0077 idle  __envseg
 0668:0079 idle  __envSize
 0668:007B       __psp
 0668:007D idle  __osversion
 0668:007D idle  __osmajor
 0668:007D idle  __version
 0668:007E idle  __osminor
 0668:007F       _errno
 0668:0081 idle  __StartTime
 0668:0085 idle  ___brklvl
 0668:0087       __heapbase
 0668:008B       __brklvl
 0668:008F       __heaptop
 0668:0094       _CtxSwMessageTop
 0668:00F6 idle  _OSMapTbl
 0668:00FE idle  _OSUnMapTbl
 0668:025A       __atexitcnt
 0668:025C       __exitbuf
 0668:0260 idle  __exitfopen
 0668:0264 idle  __exitopen
 0668:0268       __streams
 0668:03F8       __nfile
 0668:03FA       __openfd
 0668:0422 idle  __doserrno
 0668:0424 idle  __dosErrorToSV
 0668:047E       __stklen
 0668:04E8       __wscroll
 0668:04EA       __video
 0668:04F9       _directvideo
 0668:0536       __cFlag
 0668:0537       __cChar
 0668:053E       __RealCvtVector
 0668:0540 idle  __ScanTodVector
 0668:0554 idle  _TaskData
 0668:0560 idle  _TaskStartStk
 0668:0960 idle  _TaskStk
 0668:1560 idle  _PrintCtxSwMbox
 0668:1564       _CtxSwMessage
 0668:8A94       _OSTickDOSCtr
 0668:8A96 idle  _PC_TickISR
 0668:8AB2 idle  _OSTime
 0668:8AB6 idle  _OSQTbl
 0668:8AE6 idle  _OSQFreeList
 0668:8AEA idle  _OSMemTbl
 0668:8B4E idle  _OSMemFreeList
 0668:8B52 idle  _OSTCBTbl
 0668:8E37       _OSTCBPrioTbl
 0668:8E6B       _OSTCBList
 0668:8E6F       _OSTCBHighRdy
 0668:8E73 idle  _OSTCBFreeList
 0668:8E77       _OSTCBCur
 0668:8E7B idle  _OSTaskIdleStk
 0668:927B idle  _OSIdleCtr
 0668:927F idle  _OSTaskCtr
 0668:9280       _OSRunning
 0668:9281 idle  _OSRdyTbl
 0668:9283 idle  _OSRdyGrp
 0668:9284       _OSPrioHighRdy
 0668:9285       _OSPrioCur
 0668:9286 idle  _OSLockNesting
 0668:9287 idle  _OSIntExitY
 0668:9288       _OSIntNesting
 0668:9289 idle  _OSTaskStatStk
 0668:9689 idle  _OSStatRdy
 0668:968A idle  _OSIdleCtrRun
 0668:968E idle  _OSIdleCtrMax
 0668:9692 idle  _OSCPUUsage
 0668:9693 idle  _OSFlagFreeList
 0668:9697 idle  _OSFlagTbl
 0668:96BA idle  _OSEventTbl
 0668:96CE idle  _OSEventFreeList
 0668:96D2       _OSCtxSwCtr
 0668:96D6       __atexittbl

Program entry point at 0000:0000

