
 Start  Stop   Length Name               Class

 00000H 02519H 0251AH _TEXT              CODE
 0251AH 0281EH 00305H TEST_TEXT          CODE
 02820H 028F5H 000D6H OS_CPU_A_TEXT      CODE
 028F6H 02ACBH 001D6H OS_CPU_C_TEXT      CODE
 02ACCH 02E48H 0037DH PC_TEXT            CODE
 02E49H 066C1H 03879H UCOS_II_TEXT       CODE
 066D0H 066D0H 00000H _FARDATA           FAR_DATA
 066D0H 066D0H 00000H _FARBSS            FAR_BSS
 066D0H 066D0H 00000H _OVERLAY_          OVRINFO
 066D0H 066D0H 00000H _1STUB_            STUBSEG
 066D0H 06BFBH 0052CH _DATA              DATA
 06BFCH 06BFDH 00002H _CVTSEG            DATA
 06BFEH 06C03H 00006H _SCNSEG            DATA
 06C04H 06C04H 00000H _CONST             CONST
 06C04H 06C0FH 0000CH _INIT_             INITDATA
 06C10H 06C10H 00000H _INITEND_          INITDATA
 06C10H 06C10H 00000H _EXIT_             EXITDATA
 06C10H 06C10H 00000H _EXITEND_          EXITDATA
 06C10H 0C36BH 0575CH _BSS               BSS
 0C36CH 0C36CH 00000H _BSSEND            BSSEND
 0C370H 0C3EFH 00080H _STACK             STACK


Detailed map of segments

 0000:0000 0295 C=CODE   S=_TEXT          G=(none)  M=c0.ASM     ACBP=28
 0000:0295 002D C=CODE   S=_TEXT          G=(none)  M=ATEXIT     ACBP=28
 0000:02C2 0093 C=CODE   S=_TEXT          G=(none)  M=EXIT       ACBP=28
 0000:0355 0000 C=CODE   S=_TEXT          G=(none)  M=FILES      ACBP=28
 0000:0355 0000 C=CODE   S=_TEXT          G=(none)  M=FILES2     ACBP=28
 0000:0355 0017 C=CODE   S=_TEXT          G=(none)  M=F_LXMUL    ACBP=28
 0000:036C 0026 C=CODE   S=_TEXT          G=(none)  M=GETDATE    ACBP=28
 0000:0392 00AE C=CODE   S=_TEXT          G=(none)  M=H_LDIV     ACBP=28
 0000:0440 0021 C=CODE   S=_TEXT          G=(none)  M=H_LLSH     ACBP=28
 0000:0461 0021 C=CODE   S=_TEXT          G=(none)  M=H_LURSH    ACBP=28
 0000:0482 0060 C=CODE   S=_TEXT          G=(none)  M=H_PADD     ACBP=28
 0000:04E2 004B C=CODE   S=_TEXT          G=(none)  M=IOERROR    ACBP=28
 0000:052D 0011 C=CODE   S=_TEXT          G=(none)  M=ISATTY     ACBP=28
 0000:053E 00A2 C=CODE   S=_TEXT          G=(none)  M=LONGTOA    ACBP=28
 0000:05E0 0029 C=CODE   S=_TEXT          G=(none)  M=LSEEK      ACBP=28
 0000:0609 0021 C=CODE   S=_TEXT          G=(none)  M=N_PCMP     ACBP=28
 0000:062A 00BA C=CODE   S=_TEXT          G=(none)  M=SETUPIO    ACBP=28
 0000:06E4 0000 C=CODE   S=_TEXT          G=(none)  M=STKLEN     ACBP=28
 0000:06E4 04DB C=CODE   S=_TEXT          G=(none)  M=VPRINTER   ACBP=28
 0000:0BBF 009F C=CODE   S=_TEXT          G=(none)  M=VRAM       ACBP=28
 0000:0C5E 0000 C=CODE   S=_TEXT          G=(none)  M=WSCROLL    ACBP=28
 0000:0C5E 014E C=CODE   S=_TEXT          G=(none)  M=CPRINTF    ACBP=28
 0000:0DAC 01A5 C=CODE   S=_TEXT          G=(none)  M=CRTINIT    ACBP=28
 0000:0F51 001F C=CODE   S=_TEXT          G=(none)  M=CVTFAK     ACBP=28
 0000:0F70 0432 C=CODE   S=_TEXT          G=(none)  M=FARHEAP    ACBP=28
 0000:13A2 0140 C=CODE   S=_TEXT          G=(none)  M=FBRK       ACBP=28
 0000:14E2 005E C=CODE   S=_TEXT          G=(none)  M=GETCH      ACBP=28
 0000:1540 00AC C=CODE   S=_TEXT          G=(none)  M=GPTEXT     ACBP=28
 0000:15EC 0012 C=CODE   S=_TEXT          G=(none)  M=KBHIT      ACBP=28
 0000:15FE 009D C=CODE   S=_TEXT          G=(none)  M=MOVETEXT   ACBP=28
 0000:169B 0017 C=CODE   S=_TEXT          G=(none)  M=PUTCH      ACBP=28
 0000:16B2 0004 C=CODE   S=_TEXT          G=(none)  M=REALCVT    ACBP=28
 0000:16B6 01C7 C=CODE   S=_TEXT          G=(none)  M=SCREEN     ACBP=28
 0000:187D 018E C=CODE   S=_TEXT          G=(none)  M=SCROLL     ACBP=28
 0000:1A0B 001C C=CODE   S=_TEXT          G=(none)  M=SETBLOCK   ACBP=28
 0000:1A27 006A C=CODE   S=_TEXT          G=(none)  M=SETJMP     ACBP=28
 0000:1A91 002C C=CODE   S=_TEXT          G=(none)  M=WHEREXY    ACBP=28
 0000:1ABD 00CD C=CODE   S=_TEXT          G=(none)  M=FFLUSH     ACBP=28
 0000:1B8A 0042 C=CODE   S=_TEXT          G=(none)  M=FLUSHALL   ACBP=28
 0000:1BCC 01E2 C=CODE   S=_TEXT          G=(none)  M=FSEEK      ACBP=28
 0000:1DAE 0024 C=CODE   S=_TEXT          G=(none)  M=MEMCPY     ACBP=28
 0000:1DD2 001B C=CODE   S=_TEXT          G=(none)  M=PRINTF     ACBP=28
 0000:1DED 03C8 C=CODE   S=_TEXT          G=(none)  M=PUTC       ACBP=28
 0000:21B5 011D C=CODE   S=_TEXT          G=(none)  M=SETVBUF    ACBP=28
 0000:22D2 0083 C=CODE   S=_TEXT          G=(none)  M=SPRINTF    ACBP=28
 0000:2355 0151 C=CODE   S=_TEXT          G=(none)  M=WRITE      ACBP=28
 0000:24A6 003C C=CODE   S=_TEXT          G=(none)  M=WRITEA     ACBP=28
 0000:24E2 0038 C=CODE   S=_TEXT          G=(none)  M=XFFLUSH    ACBP=28
 0251:000A 0305 C=CODE   S=TEST_TEXT      G=(none)  M=test.c     ACBP=28
 0282:0000 00D6 C=CODE   S=OS_CPU_A_TEXT  G=(none)  M=\SOFTWARE\uCOS-II\Ix86L\BC45\OS_CPU_A.ASM ACBP=48
 028F:0006 01D6 C=CODE   S=OS_CPU_C_TEXT  G=(none)  M=os_cpu_c.c ACBP=28
 02AC:000C 037D C=CODE   S=PC_TEXT        G=(none)  M=pc.c       ACBP=28
 02E4:0009 3879 C=CODE   S=UCOS_II_TEXT   G=(none)  M=ucos_ii.c  ACBP=28
 066D:0000 0000 C=FAR_DATA S=_FARDATA       G=(none)  M=c0.ASM     ACBP=68
 066D:0000 0000 C=FAR_BSS S=_FARBSS        G=(none)  M=c0.ASM     ACBP=68
 066D:0000 0000 C=OVRINFO S=_OVERLAY_      G=(none)  M=c0.ASM     ACBP=68
 066D:0000 0000 C=STUBSEG S=_1STUB_        G=(none)  M=c0.ASM     ACBP=68
 066D:0000 0093 C=DATA   S=_DATA          G=DGROUP  M=c0.ASM     ACBP=68
 066D:0094 0007 C=DATA   S=_DATA          G=DGROUP  M=test.c     ACBP=48
 066D:009C 0000 C=DATA   S=_DATA          G=DGROUP  M=\SOFTWARE\uCOS-II\Ix86L\BC45\OS_CPU_A.ASM ACBP=48
 066D:009C 0000 C=DATA   S=_DATA          G=DGROUP  M=os_cpu_c.c ACBP=48
 066D:009C 001F C=DATA   S=_DATA          G=DGROUP  M=pc.c       ACBP=48
 066D:00BC 018C C=DATA   S=_DATA          G=DGROUP  M=ucos_ii.c  ACBP=48
 066D:0248 0002 C=DATA   S=_DATA          G=DGROUP  M=ATEXIT     ACBP=48
 066D:024A 000C C=DATA   S=_DATA          G=DGROUP  M=EXIT       ACBP=48
 066D:0256 0190 C=DATA   S=_DATA          G=DGROUP  M=FILES      ACBP=48
 066D:03E6 002A C=DATA   S=_DATA          G=DGROUP  M=FILES2     ACBP=48
 066D:0410 0000 C=DATA   S=_DATA          G=DGROUP  M=F_LXMUL    ACBP=48
 066D:0410 0000 C=DATA   S=_DATA          G=DGROUP  M=GETDATE    ACBP=48
 066D:0410 0000 C=DATA   S=_DATA          G=DGROUP  M=H_LDIV     ACBP=48
 066D:0410 0000 C=DATA   S=_DATA          G=DGROUP  M=H_LLSH     ACBP=48
 066D:0410 0000 C=DATA   S=_DATA          G=DGROUP  M=H_LURSH    ACBP=48
 066D:0410 0000 C=DATA   S=_DATA          G=DGROUP  M=H_PADD     ACBP=48
 066D:0410 005B C=DATA   S=_DATA          G=DGROUP  M=IOERROR    ACBP=48
 066D:046C 0000 C=DATA   S=_DATA          G=DGROUP  M=ISATTY     ACBP=48
 066D:046C 0000 C=DATA   S=_DATA          G=DGROUP  M=LONGTOA    ACBP=48
 066D:046C 0000 C=DATA   S=_DATA          G=DGROUP  M=LSEEK      ACBP=48
 066D:046C 0000 C=DATA   S=_DATA          G=DGROUP  M=N_PCMP     ACBP=48
 066D:046C 0000 C=DATA   S=_DATA          G=DGROUP  M=SETUPIO    ACBP=48
 066D:046C 0002 C=DATA   S=_DATA          G=DGROUP  M=STKLEN     ACBP=48
 066D:046E 0067 C=DATA   S=_DATA          G=DGROUP  M=VPRINTER   ACBP=48
 066D:04D6 0000 C=DATA   S=_DATA          G=DGROUP  M=VRAM       ACBP=48
 066D:04D6 0002 C=DATA   S=_DATA          G=DGROUP  M=WSCROLL    ACBP=48
 066D:04D8 0000 C=DATA   S=_DATA          G=DGROUP  M=CPRINTF    ACBP=48
 066D:04D8 0018 C=DATA   S=_DATA          G=DGROUP  M=CRTINIT    ACBP=48
 066D:04F0 0031 C=DATA   S=_DATA          G=DGROUP  M=CVTFAK     ACBP=48
 066D:0522 0000 C=DATA   S=_DATA          G=DGROUP  M=FARHEAP    ACBP=48
 066D:0522 0002 C=DATA   S=_DATA          G=DGROUP  M=FBRK       ACBP=48
 066D:0524 0000 C=DATA   S=_DATA          G=DGROUP  M=GETCH      ACBP=48
 066D:0524 0000 C=DATA   S=_DATA          G=DGROUP  M=GPTEXT     ACBP=48
 066D:0524 0002 C=DATA   S=_DATA          G=DGROUP  M=KBHIT      ACBP=48
 066D:0526 0000 C=DATA   S=_DATA          G=DGROUP  M=MOVETEXT   ACBP=48
 066D:0526 0000 C=DATA   S=_DATA          G=DGROUP  M=PUTCH      ACBP=48
 066D:0526 0000 C=DATA   S=_DATA          G=DGROUP  M=REALCVT    ACBP=48
 066D:0526 0000 C=DATA   S=_DATA          G=DGROUP  M=SCREEN     ACBP=48
 066D:0526 0000 C=DATA   S=_DATA          G=DGROUP  M=SCROLL     ACBP=48
 066D:0526 0000 C=DATA   S=_DATA          G=DGROUP  M=SETBLOCK   ACBP=48
 066D:0526 0000 C=DATA   S=_DATA          G=DGROUP  M=SETJMP     ACBP=48
 066D:0526 0000 C=DATA   S=_DATA          G=DGROUP  M=WHEREXY    ACBP=48
 066D:0526 0000 C=DATA   S=_DATA          G=DGROUP  M=FFLUSH     ACBP=48
 066D:0526 0000 C=DATA   S=_DATA          G=DGROUP  M=FLUSHALL   ACBP=48
 066D:0526 0000 C=DATA   S=_DATA          G=DGROUP  M=FSEEK      ACBP=48
 066D:0526 0000 C=DATA   S=_DATA          G=DGROUP  M=MEMCPY     ACBP=48
 066D:0526 0000 C=DATA   S=_DATA          G=DGROUP  M=PRINTF     ACBP=48
 066D:0526 0001 C=DATA   S=_DATA          G=DGROUP  M=PUTC       ACBP=48
 066D:0528 0004 C=DATA   S=_DATA          G=DGROUP  M=SETVBUF    ACBP=48
 066D:052C 0000 C=DATA   S=_DATA          G=DGROUP  M=SPRINTF    ACBP=48
 066D:052C 0000 C=DATA   S=_DATA          G=DGROUP  M=WRITE      ACBP=48
 066D:052C 0000 C=DATA   S=_DATA          G=DGROUP  M=WRITEA     ACBP=48
 066D:052C 0000 C=DATA   S=_DATA          G=DGROUP  M=XFFLUSH    ACBP=48
 066D:052C 0000 C=DATA   S=_CVTSEG        G=DGROUP  M=c0.ASM     ACBP=48
 066D:052C 0002 C=DATA   S=_CVTSEG        G=DGROUP  M=CVTFAK     ACBP=48
 066D:052E 0000 C=DATA   S=_CVTSEG        G=DGROUP  M=REALCVT    ACBP=48
 066D:052E 0000 C=DATA   S=_SCNSEG        G=DGROUP  M=c0.ASM     ACBP=48
 066D:052E 0006 C=DATA   S=_SCNSEG        G=DGROUP  M=CVTFAK     ACBP=48
 066D:0534 0000 C=CONST  S=_CONST         G=DGROUP  M=c0.ASM     ACBP=48
 066D:0534 0000 C=INITDATA S=_INIT_         G=DGROUP  M=c0.ASM     ACBP=48
 066D:0534 0006 C=INITDATA S=_INIT_         G=DGROUP  M=SETUPIO    ACBP=48
 066D:053A 0006 C=INITDATA S=_INIT_         G=DGROUP  M=CRTINIT    ACBP=48
 066D:0540 0000 C=INITDATA S=_INITEND_      G=DGROUP  M=c0.ASM     ACBP=28
 066D:0540 0000 C=EXITDATA S=_EXIT_         G=DGROUP  M=c0.ASM     ACBP=48
 066D:0540 0000 C=EXITDATA S=_EXITEND_      G=DGROUP  M=c0.ASM     ACBP=28
 066D:0540 0000 C=BSS    S=_BSS           G=DGROUP  M=c0.ASM     ACBP=48
 066D:0540 4AB2 C=BSS    S=_BSS           G=DGROUP  M=test.c     ACBP=48
 066D:4FF2 0001 C=BSS    S=_BSS           G=DGROUP  M=os_cpu_c.c ACBP=48
 066D:4FF4 001B C=BSS    S=_BSS           G=DGROUP  M=pc.c       ACBP=48
 066D:5010 0C0A C=BSS    S=_BSS           G=DGROUP  M=ucos_ii.c  ACBP=48
 066D:5C1A 0080 C=BSS    S=_BSS           G=DGROUP  M=ATEXIT     ACBP=48
 066D:5C9A 0000 C=BSS    S=_BSS           G=DGROUP  M=IOERROR    ACBP=48
 066D:5C9A 0000 C=BSS    S=_BSS           G=DGROUP  M=ISATTY     ACBP=48
 066D:5C9A 0000 C=BSS    S=_BSS           G=DGROUP  M=LONGTOA    ACBP=48
 066D:5C9A 0000 C=BSS    S=_BSS           G=DGROUP  M=LSEEK      ACBP=48
 066D:5C9A 0000 C=BSS    S=_BSS           G=DGROUP  M=SETUPIO    ACBP=48
 066D:5C9A 0000 C=BSS    S=_BSS           G=DGROUP  M=VPRINTER   ACBP=48
 066D:5C9A 0000 C=BSS    S=_BSS           G=DGROUP  M=VRAM       ACBP=48
 066D:5C9A 0000 C=BSS    S=_BSS           G=DGROUP  M=CRTINIT    ACBP=48
 066D:5C9A 0000 C=BSS    S=_BSS           G=DGROUP  M=GETCH      ACBP=48
 066D:5C9A 0000 C=BSS    S=_BSS           G=DGROUP  M=KBHIT      ACBP=48
 066D:5C9A 0000 C=BSS    S=_BSS           G=DGROUP  M=SETBLOCK   ACBP=48
 066D:5C9A 0000 C=BSS    S=_BSS           G=DGROUP  M=SETJMP     ACBP=48
 066D:5C9A 0000 C=BSS    S=_BSS           G=DGROUP  M=MEMCPY     ACBP=48
 066D:5C9A 0001 C=BSS    S=_BSS           G=DGROUP  M=PUTC       ACBP=48
 066D:5C9C 0000 C=BSS    S=_BSS           G=DGROUP  M=WRITEA     ACBP=48
 066D:5C9C 0000 C=BSSEND S=_BSSEND        G=DGROUP  M=c0.ASM     ACBP=28
 0C37:0000 0080 C=STACK  S=_STACK         G=(none)  M=c0.ASM     ACBP=74

  Address         Publics by Name

 066D:0000 idle  DATASEG@
 0000:0291 idle  DGROUP@
 0000:0395 idle  F_LDIV@
 0000:03A4 idle  F_LMOD@
 0000:039C       F_LUDIV@
 0000:03AC idle  F_LUMOD@
 0000:0443       F_LXLSH@
 0000:0355       F_LXMUL@
 0000:0464       F_LXURSH@
 0000:0485 idle  F_PADD@
 0000:04B4 idle  F_PSUB@
 0000:0395 idle  LDIV@
 0000:03A4 idle  LMOD@
 0000:039C idle  LUDIV@
 0000:03AC idle  LUMOD@
 0000:0443 idle  LXLSH@
 0000:0355 idle  LXMUL@
 0000:0464 idle  LXURSH@
 0000:0392 idle  N_LDIV@
 0000:03A1 idle  N_LMOD@
 0000:0399 idle  N_LUDIV@
 0000:03A9 idle  N_LUMOD@
 0000:0440       N_LXLSH@
 0000:0461 idle  N_LXURSH@
 0000:0482       N_PADD@
 0000:0609       N_PCMP@
 0000:04B1 idle  N_PSUB@
 0000:0485 idle  PADD@
 0000:04B4 idle  PSUB@
 0000:027A       _abort
 0000:0295 idle  _atexit
 0000:0D90 idle  _cprintf
 066D:155A       _CtxSwMessage
 066D:0094       _CtxSwMessageTop
 066D:04E7       _directvideo
 066D:007F       _errno
 0000:031A       _exit
 0000:10B0 idle  _farfree
 0000:11C4 idle  _farmalloc
 0000:1328 idle  _farrealloc
 0000:1ABD       _fflush
 0000:1B8A       _flushall
 0000:1E09 idle  _fputc
 0000:1F9E idle  _fputchar
 0000:10B0       _free
 0000:1C4E       _fseek
 0000:1CCE idle  _ftell
 0000:14E2       _getch
 0000:14FE idle  _getche
 0000:036C       _getdate
 0000:1540       _gettext
 0000:037F       _gettime
 0000:052D       _isatty
 0000:15EC       _kbhit
 0000:1A5D       _longjmp
 0000:05E0       _lseek
 0251:000A       _main
 0000:11BA       _malloc
 0000:1DAE       _memcpy
 0000:15FE       _movetext
 066D:5BD6 idle  _OSCPUUsage
 0282:001E       _OSCtxSw
 066D:5C16       _OSCtxSwCtr
 066D:5C12 idle  _OSEventFreeList
 066D:5BFE idle  _OSEventTbl
 02E4:0946 idle  _OSFlagAccept
 02E4:0A78 idle  _OSFlagCreate
 02E4:0AF0 idle  _OSFlagDel
 066D:5BD7 idle  _OSFlagFreeList
 02E4:0C32 idle  _OSFlagPend
 02E4:0E8C idle  _OSFlagPost
 02E4:102C idle  _OSFlagQuery
 066D:5BDB idle  _OSFlagTbl
 066D:57BF idle  _OSIdleCtr
 066D:5BD2 idle  _OSIdleCtrMax
 066D:5BCE idle  _OSIdleCtrRun
 02E4:0009       _OSInit
 028F:0006       _OSInitHookBegin
 028F:0007       _OSInitHookEnd
 0282:0059       _OSIntCtxSw
 02E4:0041 idle  _OSIntEnter
 02E4:0054       _OSIntExit
 066D:57CB idle  _OSIntExitY
 066D:57CC       _OSIntNesting
 066D:57CA idle  _OSLockNesting
 066D:00BC idle  _OSMapTbl
 02E4:12BC idle  _OSMboxAccept
 02E4:1307 idle  _OSMboxCreate
 02E4:137C idle  _OSMboxDel
 02E4:149A idle  _OSMboxPend
 02E4:159C idle  _OSMboxPost
 02E4:1614 idle  _OSMboxPostOpt
 02E4:16B7 idle  _OSMboxQuery
 02E4:1745 idle  _OSMemCreate
 066D:50AC idle  _OSMemFreeList
 02E4:1890 idle  _OSMemGet
 02E4:190E idle  _OSMemPut
 02E4:197E idle  _OSMemQuery
 066D:5048 idle  _OSMemTbl
 02E4:1ACB idle  _OSMutexAccept
 02E4:1B56       _OSMutexCreate
 02E4:1C3C idle  _OSMutexDel
 02E4:1D96       _OSMutexPend
 02E4:1F82       _OSMutexPost
 02E4:2188 idle  _OSMutexQuery
 066D:57C9       _OSPrioCur
 066D:57C8       _OSPrioHighRdy
 02E4:223D idle  _OSQAccept
 02E4:22DD idle  _OSQCreate
 02E4:2400 idle  _OSQDel
 02E4:257D idle  _OSQFlush
 066D:5044 idle  _OSQFreeList
 02E4:25D5 idle  _OSQPend
 02E4:271B idle  _OSQPost
 02E4:27E3 idle  _OSQPostFront
 02E4:28A5 idle  _OSQPostOpt
 02E4:29E3 idle  _OSQQuery
 066D:5014 idle  _OSQTbl
 066D:57C7 idle  _OSRdyGrp
 066D:57C5 idle  _OSRdyTbl
 066D:57C4       _OSRunning
 02E4:0114 idle  _OSSchedLock
 02E4:012A idle  _OSSchedUnlock
 02E4:2B08 idle  _OSSemAccept
 02E4:2B3A idle  _OSSemCreate
 02E4:2BAE idle  _OSSemDel
 02E4:2CCC idle  _OSSemPend
 02E4:2D7C idle  _OSSemPost
 02E4:2DD6 idle  _OSSemQuery
 02E4:0157       _OSStart
 0282:0000       _OSStartHighRdy
 02E4:01B6       _OSStatInit
 066D:5BCD idle  _OSStatRdy
 02E4:2E5C idle  _OSTaskChangePrio
 02E4:3028       _OSTaskCreate
 02E4:30E5 idle  _OSTaskCreateExt
 028F:0008       _OSTaskCreateHook
 066D:57C3 idle  _OSTaskCtr
 02E4:31D5       _OSTaskDel
 028F:000D       _OSTaskDelHook
 02E4:33B4 idle  _OSTaskDelReq
 028F:0012       _OSTaskIdleHook
 066D:53BF idle  _OSTaskIdleStk
 02E4:3632 idle  _OSTaskQuery
 02E4:3420 idle  _OSTaskResume
 028F:0013       _OSTaskStatHook
 066D:57CD idle  _OSTaskStatStk
 02E4:349F idle  _OSTaskStkChk
 028F:0014       _OSTaskStkInit
 028F:00FA idle  _OSTaskStkInit_FPE_x86
 02E4:3584 idle  _OSTaskSuspend
 028F:01D5       _OSTaskSwHook
 066D:53BB       _OSTCBCur
 066D:53B7 idle  _OSTCBFreeList
 066D:53B3       _OSTCBHighRdy
 028F:01D6       _OSTCBInitHook
 066D:53AF idle  _OSTCBList
 066D:537B idle  _OSTCBPrioTbl
 066D:50B0 idle  _OSTCBTbl
 066D:4FF2       _OSTickDOSCtr
 0282:0086       _OSTickISR
 066D:5010       _OSTime
 02E4:36A0       _OSTimeDly
 02E4:36E7       _OSTimeDlyHMSM
 02E4:37D6 idle  _OSTimeDlyResume
 02E4:384E idle  _OSTimeGet
 02E4:386D       _OSTimeSet
 02E4:01F1       _OSTimeTick
 028F:01DB       _OSTimeTickHook
 066D:00C4 idle  _OSUnMapTbl
 02E4:028A idle  _OSVersion
 02E4:028E idle  _OS_Dummy
 02E4:028F idle  _OS_EventTaskRdy
 02E4:0359 idle  _OS_EventTaskWait
 02E4:03C6 idle  _OS_EventTO
 02E4:041A idle  _OS_EventWaitListInit
 02E4:114E idle  _OS_FlagInit
 02E4:120D idle  _OS_FlagUnlink
 02E4:1A27 idle  _OS_MemInit
 02E4:2AB8 idle  _OS_QInit
 02E4:0614 idle  _OS_Sched
 02E4:06C2 idle  _OS_TaskIdle
 02E4:06E7 idle  _OS_TaskStat
 02E4:07B3 idle  _OS_TCBInit
 02AC:000C idle  _PC_DispChar
 02AC:004A idle  _PC_DispClrCol
 02AC:0090 idle  _PC_DispClrRow
 02AC:00C9 idle  _PC_DispClrScr
 02AC:00FA idle  _PC_DispStr
 02AC:0149       _PC_DOSReturn
 02AC:015D       _PC_DOSSaveReturn
 02AC:01CB idle  _PC_ElapsedInit
 02AC:01DF idle  _PC_ElapsedStart
 02AC:0205 idle  _PC_ElapsedStop
 02AC:0256 idle  _PC_GetDateTime
 02AC:02A9       _PC_GetKey
 02AC:02D0       _PC_SetTickRate
 066D:4FF4 idle  _PC_TickISR
 02AC:031D idle  _PC_VectGet
 02AC:0354       _PC_VectSet
 066D:154E idle  _PrintCtxSwMbox
 0251:014C idle  _PrintCtxSwMessage
 0000:1DD2       _printf
 0000:169B       _putch
 0000:1596       _puttext
 066D:1556 idle  _R1
 066D:1552 idle  _R2
 0000:1321 idle  _realloc
 0000:1A0B       _setblock
 0000:1A27       _setjmp
 0000:21B5       _setvbuf
 0000:2312       _sprintf
 0251:017C idle  _Task1
 0251:0228 idle  _Task2
 0251:029C idle  _Task3
 066D:0542 idle  _TaskData
 0251:0076 idle  _TaskStart
 066D:054E idle  _TaskStartStk
 066D:094E idle  _TaskStk
 066D:0096       _TimeStart
 0000:1522 idle  _ungetch
 0000:2334 idle  _vsprintf
 0000:1A9B idle  _wherex
 0000:1AAA idle  _wherey
 0000:1000 idle  __AHINCR
 0000:000C idle  __AHSHIFT
 066D:0248       __atexitcnt
 066D:5C1A       __atexittbl
 0000:1418       __brk
 066D:008B       __brklvl
 066D:006B idle  __C0argc
 066D:006D idle  __C0argv
 0000:0E72 idle  __c0crtinit
 066D:0071 idle  __C0environ
 066D:0525       __cChar
 0000:033B idle  __cexit
 066D:0524       __cFlag
 0000:016A       __checknull
 0000:0157       __cleanup
 0000:0C5E       __CPUTN
 0000:0E8F idle  __crtinit
 0000:0000  Abs  __cvtfak
 0000:0349 idle  __c_exit
 066D:0410 idle  __doserrno
 0000:051B idle  __DOSERROR
 066D:0412 idle  __dosErrorToSV
 066D:0075 idle  __envLng
 066D:0077 idle  __envseg
 066D:0079 idle  __envSize
 0000:0329       __exit
 066D:024A       __exitbuf
 066D:024E idle  __exitfopen
 066D:0252 idle  __exitopen
 0000:1DED idle  __fputc
 0000:1FB2       __FPUTN
 066D:0087       __heapbase
 066D:008F       __heaptop
 066D:005B idle  __Int0Vector
 066D:005F idle  __Int4Vector
 066D:0063 idle  __Int5Vector
 066D:0067 idle  __Int6Vector
 0000:04E2       __IOERROR
 0000:053E       __LONGTOA
 0000:0293 idle  __MMODEL
 066D:03E6       __nfile
 0000:14FB idle  __Ngetche
 0000:151F idle  __Nungetch
 066D:03E8       __openfd
 066D:007D idle  __osmajor
 066D:007E idle  __osminor
 066D:007D idle  __osversion
 066D:007B       __psp
 0000:16B2       __REALCVT
 066D:052C       __RealCvtVector
 0000:01C0       __restorezero
 0000:1457       __sbrk
 066D:052E idle  __ScanTodVector
 0000:17EC       __SCREENIO
 0000:189F       __SCROLL
 0000:062A       __setupio
 066D:0081 idle  __StartTime
 066D:046C       __stklen
 066D:0256       __streams
 0000:016B       __terminate
 0000:0000 idle  __turboCrt
 0000:05C0 idle  __UTOA
 0000:1828       __VALIDATEXY
 066D:007D idle  __version
 066D:04D8       __video
 0000:0DE7       __VideoInt
 0000:06FC       __VPRINTER
 0000:0BBF       __VPTR
 0000:0BE4       __VRAM
 0000:1A91       __wherexy
 0000:24A6       __write
 066D:04D6       __wscroll
 0000:24E2       __xfflush
 066D:0085 idle  ___brklvl
 0000:0F70 idle  ___first
 0000:0F72 idle  ___last
 0000:0F74 idle  ___rover
 0000:2355       ___write

  Address         Publics by Value

 0000:0000 idle  __turboCrt
 0000:0000  Abs  __cvtfak
 0000:000C idle  __AHSHIFT
 0000:0157       __cleanup
 0000:016A       __checknull
 0000:016B       __terminate
 0000:01C0       __restorezero
 0000:027A       _abort
 0000:0291 idle  DGROUP@
 0000:0293 idle  __MMODEL
 0000:0295 idle  _atexit
 0000:031A       _exit
 0000:0329       __exit
 0000:033B idle  __cexit
 0000:0349 idle  __c_exit
 0000:0355       F_LXMUL@
 0000:0355 idle  LXMUL@
 0000:036C       _getdate
 0000:037F       _gettime
 0000:0392 idle  N_LDIV@
 0000:0395 idle  LDIV@
 0000:0395 idle  F_LDIV@
 0000:0399 idle  N_LUDIV@
 0000:039C       F_LUDIV@
 0000:039C idle  LUDIV@
 0000:03A1 idle  N_LMOD@
 0000:03A4 idle  F_LMOD@
 0000:03A4 idle  LMOD@
 0000:03A9 idle  N_LUMOD@
 0000:03AC idle  LUMOD@
 0000:03AC idle  F_LUMOD@
 0000:0440       N_LXLSH@
 0000:0443       F_LXLSH@
 0000:0443 idle  LXLSH@
 0000:0461 idle  N_LXURSH@
 0000:0464       F_LXURSH@
 0000:0464 idle  LXURSH@
 0000:0482       N_PADD@
 0000:0485 idle  F_PADD@
 0000:0485 idle  PADD@
 0000:04B1 idle  N_PSUB@
 0000:04B4 idle  F_PSUB@
 0000:04B4 idle  PSUB@
 0000:04E2       __IOERROR
 0000:051B idle  __DOSERROR
 0000:052D       _isatty
 0000:053E       __LONGTOA
 0000:05C0 idle  __UTOA
 0000:05E0       _lseek
 0000:0609       N_PCMP@
 0000:062A       __setupio
 0000:06FC       __VPRINTER
 0000:0BBF       __VPTR
 0000:0BE4       __VRAM
 0000:0C5E       __CPUTN
 0000:0D90 idle  _cprintf
 0000:0DE7       __VideoInt
 0000:0E72 idle  __c0crtinit
 0000:0E8F idle  __crtinit
 0000:0F70 idle  ___first
 0000:0F72 idle  ___last
 0000:0F74 idle  ___rover
 0000:1000 idle  __AHINCR
 0000:10B0       _free
 0000:10B0 idle  _farfree
 0000:11BA       _malloc
 0000:11C4 idle  _farmalloc
 0000:1321 idle  _realloc
 0000:1328 idle  _farrealloc
 0000:1418       __brk
 0000:1457       __sbrk
 0000:14E2       _getch
 0000:14FB idle  __Ngetche
 0000:14FE idle  _getche
 0000:151F idle  __Nungetch
 0000:1522 idle  _ungetch
 0000:1540       _gettext
 0000:1596       _puttext
 0000:15EC       _kbhit
 0000:15FE       _movetext
 0000:169B       _putch
 0000:16B2       __REALCVT
 0000:17EC       __SCREENIO
 0000:1828       __VALIDATEXY
 0000:189F       __SCROLL
 0000:1A0B       _setblock
 0000:1A27       _setjmp
 0000:1A5D       _longjmp
 0000:1A91       __wherexy
 0000:1A9B idle  _wherex
 0000:1AAA idle  _wherey
 0000:1ABD       _fflush
 0000:1B8A       _flushall
 0000:1C4E       _fseek
 0000:1CCE idle  _ftell
 0000:1DAE       _memcpy
 0000:1DD2       _printf
 0000:1DED idle  __fputc
 0000:1E09 idle  _fputc
 0000:1F9E idle  _fputchar
 0000:1FB2       __FPUTN
 0000:21B5       _setvbuf
 0000:2312       _sprintf
 0000:2334 idle  _vsprintf
 0000:2355       ___write
 0000:24A6       __write
 0000:24E2       __xfflush
 0251:000A       _main
 0251:0076 idle  _TaskStart
 0251:014C idle  _PrintCtxSwMessage
 0251:017C idle  _Task1
 0251:0228 idle  _Task2
 0251:029C idle  _Task3
 0282:0000       _OSStartHighRdy
 0282:001E       _OSCtxSw
 0282:0059       _OSIntCtxSw
 0282:0086       _OSTickISR
 028F:0006       _OSInitHookBegin
 028F:0007       _OSInitHookEnd
 028F:0008       _OSTaskCreateHook
 028F:000D       _OSTaskDelHook
 028F:0012       _OSTaskIdleHook
 028F:0013       _OSTaskStatHook
 028F:0014       _OSTaskStkInit
 028F:00FA idle  _OSTaskStkInit_FPE_x86
 028F:01D5       _OSTaskSwHook
 028F:01D6       _OSTCBInitHook
 028F:01DB       _OSTimeTickHook
 02AC:000C idle  _PC_DispChar
 02AC:004A idle  _PC_DispClrCol
 02AC:0090 idle  _PC_DispClrRow
 02AC:00C9 idle  _PC_DispClrScr
 02AC:00FA idle  _PC_DispStr
 02AC:0149       _PC_DOSReturn
 02AC:015D       _PC_DOSSaveReturn
 02AC:01CB idle  _PC_ElapsedInit
 02AC:01DF idle  _PC_ElapsedStart
 02AC:0205 idle  _PC_ElapsedStop
 02AC:0256 idle  _PC_GetDateTime
 02AC:02A9       _PC_GetKey
 02AC:02D0       _PC_SetTickRate
 02AC:031D idle  _PC_VectGet
 02AC:0354       _PC_VectSet
 02E4:0009       _OSInit
 02E4:0041 idle  _OSIntEnter
 02E4:0054       _OSIntExit
 02E4:0114 idle  _OSSchedLock
 02E4:012A idle  _OSSchedUnlock
 02E4:0157       _OSStart
 02E4:01B6       _OSStatInit
 02E4:01F1       _OSTimeTick
 02E4:028A idle  _OSVersion
 02E4:028E idle  _OS_Dummy
 02E4:028F idle  _OS_EventTaskRdy
 02E4:0359 idle  _OS_EventTaskWait
 02E4:03C6 idle  _OS_EventTO
 02E4:041A idle  _OS_EventWaitListInit
 02E4:0614 idle  _OS_Sched
 02E4:06C2 idle  _OS_TaskIdle
 02E4:06E7 idle  _OS_TaskStat
 02E4:07B3 idle  _OS_TCBInit
 02E4:0946 idle  _OSFlagAccept
 02E4:0A78 idle  _OSFlagCreate
 02E4:0AF0 idle  _OSFlagDel
 02E4:0C32 idle  _OSFlagPend
 02E4:0E8C idle  _OSFlagPost
 02E4:102C idle  _OSFlagQuery
 02E4:114E idle  _OS_FlagInit
 02E4:120D idle  _OS_FlagUnlink
 02E4:12BC idle  _OSMboxAccept
 02E4:1307 idle  _OSMboxCreate
 02E4:137C idle  _OSMboxDel
 02E4:149A idle  _OSMboxPend
 02E4:159C idle  _OSMboxPost
 02E4:1614 idle  _OSMboxPostOpt
 02E4:16B7 idle  _OSMboxQuery
 02E4:1745 idle  _OSMemCreate
 02E4:1890 idle  _OSMemGet
 02E4:190E idle  _OSMemPut
 02E4:197E idle  _OSMemQuery
 02E4:1A27 idle  _OS_MemInit
 02E4:1ACB idle  _OSMutexAccept
 02E4:1B56       _OSMutexCreate
 02E4:1C3C idle  _OSMutexDel
 02E4:1D96       _OSMutexPend
 02E4:1F82       _OSMutexPost
 02E4:2188 idle  _OSMutexQuery
 02E4:223D idle  _OSQAccept
 02E4:22DD idle  _OSQCreate
 02E4:2400 idle  _OSQDel
 02E4:257D idle  _OSQFlush
 02E4:25D5 idle  _OSQPend
 02E4:271B idle  _OSQPost
 02E4:27E3 idle  _OSQPostFront
 02E4:28A5 idle  _OSQPostOpt
 02E4:29E3 idle  _OSQQuery
 02E4:2AB8 idle  _OS_QInit
 02E4:2B08 idle  _OSSemAccept
 02E4:2B3A idle  _OSSemCreate
 02E4:2BAE idle  _OSSemDel
 02E4:2CCC idle  _OSSemPend
 02E4:2D7C idle  _OSSemPost
 02E4:2DD6 idle  _OSSemQuery
 02E4:2E5C idle  _OSTaskChangePrio
 02E4:3028       _OSTaskCreate
 02E4:30E5 idle  _OSTaskCreateExt
 02E4:31D5       _OSTaskDel
 02E4:33B4 idle  _OSTaskDelReq
 02E4:3420 idle  _OSTaskResume
 02E4:349F idle  _OSTaskStkChk
 02E4:3584 idle  _OSTaskSuspend
 02E4:3632 idle  _OSTaskQuery
 02E4:36A0       _OSTimeDly
 02E4:36E7       _OSTimeDlyHMSM
 02E4:37D6 idle  _OSTimeDlyResume
 02E4:384E idle  _OSTimeGet
 02E4:386D       _OSTimeSet
 066D:0000 idle  DATASEG@
 066D:005B idle  __Int0Vector
 066D:005F idle  __Int4Vector
 066D:0063 idle  __Int5Vector
 066D:0067 idle  __Int6Vector
 066D:006B idle  __C0argc
 066D:006D idle  __C0argv
 066D:0071 idle  __C0environ
 066D:0075 idle  __envLng
 066D:0077 idle  __envseg
 066D:0079 idle  __envSize
 066D:007B       __psp
 066D:007D idle  __osversion
 066D:007D idle  __osmajor
 066D:007D idle  __version
 066D:007E idle  __osminor
 066D:007F       _errno
 066D:0081 idle  __StartTime
 066D:0085 idle  ___brklvl
 066D:0087       __heapbase
 066D:008B       __brklvl
 066D:008F       __heaptop
 066D:0094       _CtxSwMessageTop
 066D:0096       _TimeStart
 066D:00BC idle  _OSMapTbl
 066D:00C4 idle  _OSUnMapTbl
 066D:0248       __atexitcnt
 066D:024A       __exitbuf
 066D:024E idle  __exitfopen
 066D:0252 idle  __exitopen
 066D:0256       __streams
 066D:03E6       __nfile
 066D:03E8       __openfd
 066D:0410 idle  __doserrno
 066D:0412 idle  __dosErrorToSV
 066D:046C       __stklen
 066D:04D6       __wscroll
 066D:04D8       __video
 066D:04E7       _directvideo
 066D:0524       __cFlag
 066D:0525       __cChar
 066D:052C       __RealCvtVector
 066D:052E idle  __ScanTodVector
 066D:0542 idle  _TaskData
 066D:054E idle  _TaskStartStk
 066D:094E idle  _TaskStk
 066D:154E idle  _PrintCtxSwMbox
 066D:1552 idle  _R2
 066D:1556 idle  _R1
 066D:155A       _CtxSwMessage
 066D:4FF2       _OSTickDOSCtr
 066D:4FF4 idle  _PC_TickISR
 066D:5010       _OSTime
 066D:5014 idle  _OSQTbl
 066D:5044 idle  _OSQFreeList
 066D:5048 idle  _OSMemTbl
 066D:50AC idle  _OSMemFreeList
 066D:50B0 idle  _OSTCBTbl
 066D:537B idle  _OSTCBPrioTbl
 066D:53AF idle  _OSTCBList
 066D:53B3       _OSTCBHighRdy
 066D:53B7 idle  _OSTCBFreeList
 066D:53BB       _OSTCBCur
 066D:53BF idle  _OSTaskIdleStk
 066D:57BF idle  _OSIdleCtr
 066D:57C3 idle  _OSTaskCtr
 066D:57C4       _OSRunning
 066D:57C5 idle  _OSRdyTbl
 066D:57C7 idle  _OSRdyGrp
 066D:57C8       _OSPrioHighRdy
 066D:57C9       _OSPrioCur
 066D:57CA idle  _OSLockNesting
 066D:57CB idle  _OSIntExitY
 066D:57CC       _OSIntNesting
 066D:57CD idle  _OSTaskStatStk
 066D:5BCD idle  _OSStatRdy
 066D:5BCE idle  _OSIdleCtrRun
 066D:5BD2 idle  _OSIdleCtrMax
 066D:5BD6 idle  _OSCPUUsage
 066D:5BD7 idle  _OSFlagFreeList
 066D:5BDB idle  _OSFlagTbl
 066D:5BFE idle  _OSEventTbl
 066D:5C12 idle  _OSEventFreeList
 066D:5C16       _OSCtxSwCtr
 066D:5C1A       __atexittbl

Program entry point at 0000:0000

